## 多态与多态性

多态指的是一类事物有多种形态，比如动物有多种形态：猫、狗、猪

```python
class Animal: #同一类事物:动物
    def talk(self):
        pass
class Cat(Animal): #动物的形态之一:猫
    def talk(self):
        print('喵喵喵')
class Dog(Animal): #动物的形态之二:狗
    def talk(self):
        print('汪汪汪')
class Pig(Animal): #动物的形态之三:猪
    def talk(self):
        print('哼哼哼')

#实例化得到三个对象
>>> cat=Cat()
>>> dog=Dog()
>>> pig=Pig()
```

![img](https://pic3.zhimg.com/80/v2-422b662cd3ea9bc9566bccae2e2a6a5e_720w.jpg)

多态性指的是可以在不用考虑对象具体类型的情况下而直接使用对象，这就需要在设计时，把对象的使用方法统一成一种：例如cat、dog、pig都是动物,但凡是动物肯定有talk方法，于是我们可以不用考虑它们三者的具体是什么类型的动物,而直接使用

```python
>>> cat.talk()
喵喵喵
>>> dog.talk()
汪汪汪
>>> pig.talk()
哼哼哼
```

更进一步,我们可以定义一个统一的接口来使用

```python
>>> def Talk(animal):
...     animal.talk()
... 
>>> Talk(cat)
喵喵喵
>>> Talk(dog)
汪汪汪
>>> Talk(pig)
哼哼哼
```

![img](https://pic3.zhimg.com/80/v2-382e86f07927121108888dea757b1a9a_720w.jpg)

Python中一切皆对象，本身就支持多态性

```python
# 我们可以在不考虑三者类型的情况下直接使用统计三个对象的长度
s.__len__()
l.__len__()
t.__len__()

# Python内置了一个统一的接口
len(s)
len(l)
len(t)
```

![img](https://pic2.zhimg.com/80/v2-3d3cdbecfc5d47a2ac2f3143e1abd205_720w.jpg)

多态性的好处在于增强了程序的灵活性和可扩展性，比如通过继承Animal类创建了一个新的类，实例化得到的对象obj，可以使用相同的方式使用obj.talk()

```python
>>> class Wolf(Animal): #动物的另外一种形态：狼
...     def talk(self):
...         print('嗷...')
... 
>>> wolf=Wolf() # 实例出一头狼
>>> wolf.talk() # 使用者根本无需关心wolf是什么类型而调用talk
嗷...
```

![img](https://pic1.zhimg.com/80/v2-b091d792728d28043c60245f801b1d80_720w.jpg)

综上我们得知，多态性的本质在于不同的类中定义有相同的方法名，这样我们就可以不考虑类而统一用一种方式去使用对象，可以通过在父类引入抽象类的概念来硬性限制子类必须有某些方法名

```python
import abc

# 指定metaclass属性将类设置为抽象类，抽象类本身只是用来约束子类的，不能被实例化
class Animal(metaclass=abc.ABCMeta):
    @abc.abstractmethod # 该装饰器限制子类必须定义有一个名为talk的方法
    def talk(self): # 抽象方法中无需实现具体的功能
        pass

class Cat(Animal): # 但凡继承Animal的子类都必须遵循Animal规定的标准
    def talk(self):
        pass

cat=Cat() # 若子类中没有一个名为talk的方法则会抛出异常TypeError，无法实例化
```

![img](https://pic1.zhimg.com/80/v2-9835c439fe40447cec2e8c0417181828_720w.jpg)

但其实我们完全可以不依赖于继承，只需要制造出外观和行为相同对象，同样可以实现不考虑对象类型而使用对象，这正是Python崇尚的“鸭子类型”（duck typing）：“如果看起来像、叫声像而且走起路来像鸭子，那么它就是鸭子”。比起继承的方式，鸭子类型在某种程度上实现了程序的松耦合度，如下

![img](https://pic3.zhimg.com/80/v2-703589a4b0d56594a97612979289495e_720w.jpg)

```python
#二者看起来都像文件,因而就可以当文件一样去用，然而它们并没有直接的关系
class Txt: #Txt类有两个与文件类型同名的方法，即read和write
    def read(self):
        pass
    def write(self):
        pass

class Disk: #Disk类也有两个与文件类型同名的方法：read和write
    def read(self):
        pass
    def write(self):
        pass
```

![img](https://pic2.zhimg.com/80/v2-97aafbff736a6fa0f2cf945a4a47dca9_720w.jpg)

## 视频链接：

[https://www.bilibili.com/video/av73342471?p=110www.bilibili.com/video/av73342471?p=110](https://link.zhihu.com/?target=https%3A//www.bilibili.com/video/av73342471%3Fp%3D110)